// Vitest Snapshot v1, https://vitest.dev/guide/snapshot.html

exports[`Home Component > Renders Home without any api calls made 1`] = `
{
  "asFragment": [Function],
  "baseElement": <body>
    <div>
      <div
        class="_mainContainer_4f5d64"
      >
        <div
          class="_homeContainer_4f5d64"
        >
          <div
            class="_homeWrapper_4f5d64"
          >
            <div
              class="_searchContainer_4f5d64"
            >
              <form>
                <input
                  class="_userInput_4f5d64"
                  placeholder="Search for a location..."
                  size="50"
                  type="text"
                />
                <button
                  class="_userInputBtn_4f5d64"
                  type="submit"
                >
                  <svg
                    aria-labelledby="svg-inline--fa-title-yAc12awxQGcv"
                    class="svg-inline--fa fa-magnifying-glass fa-xl "
                    color="white"
                    data-icon="magnifying-glass"
                    data-prefix="fas"
                    role="img"
                    viewBox="0 0 512 512"
                    xmlns="http://www.w3.org/2000/svg"
                  >
                    <title
                      id="svg-inline--fa-title-yAc12awxQGcv"
                    >
                      magnifyingglass
                    </title>
                    <path
                      d="M416 208c0 45.9-14.9 88.3-40 122.7L502.6 457.4c12.5 12.5 12.5 32.8 0 45.3s-32.8 12.5-45.3 0L330.7 376c-34.4 25.2-76.8 40-122.7 40C93.1 416 0 322.9 0 208S93.1 0 208 0S416 93.1 416 208zM208 352a144 144 0 1 0 0-288 144 144 0 1 0 0 288z"
                      fill="currentColor"
                    />
                  </svg>
                </button>
              </form>
            </div>
            <div
              class="_areaContainer_4f5d64"
            />
            <div
              class="_tempContainer_4f5d64"
            />
            <div
              class="_feelsLikeContainer_4f5d64"
            />
            <div
              class="_weatherContainer_4f5d64"
            />
            <div
              class="_feelsLikeContainer_4f5d64"
            />
            <div
              class="_allModContainer_4f5d64"
            />
          </div>
        </div>
      </div>
    </div>
  </body>,
  "container": <div>
    <div
      class="_mainContainer_4f5d64"
    >
      <div
        class="_homeContainer_4f5d64"
      >
        <div
          class="_homeWrapper_4f5d64"
        >
          <div
            class="_searchContainer_4f5d64"
          >
            <form>
              <input
                class="_userInput_4f5d64"
                placeholder="Search for a location..."
                size="50"
                type="text"
              />
              <button
                class="_userInputBtn_4f5d64"
                type="submit"
              >
                <svg
                  aria-labelledby="svg-inline--fa-title-yAc12awxQGcv"
                  class="svg-inline--fa fa-magnifying-glass fa-xl "
                  color="white"
                  data-icon="magnifying-glass"
                  data-prefix="fas"
                  role="img"
                  viewBox="0 0 512 512"
                  xmlns="http://www.w3.org/2000/svg"
                >
                  <title
                    id="svg-inline--fa-title-yAc12awxQGcv"
                  >
                    magnifyingglass
                  </title>
                  <path
                    d="M416 208c0 45.9-14.9 88.3-40 122.7L502.6 457.4c12.5 12.5 12.5 32.8 0 45.3s-32.8 12.5-45.3 0L330.7 376c-34.4 25.2-76.8 40-122.7 40C93.1 416 0 322.9 0 208S93.1 0 208 0S416 93.1 416 208zM208 352a144 144 0 1 0 0-288 144 144 0 1 0 0 288z"
                    fill="currentColor"
                  />
                </svg>
              </button>
            </form>
          </div>
          <div
            class="_areaContainer_4f5d64"
          />
          <div
            class="_tempContainer_4f5d64"
          />
          <div
            class="_feelsLikeContainer_4f5d64"
          />
          <div
            class="_weatherContainer_4f5d64"
          />
          <div
            class="_feelsLikeContainer_4f5d64"
          />
          <div
            class="_allModContainer_4f5d64"
          />
        </div>
      </div>
    </div>
  </div>,
  "debug": [Function],
  "findAllByAltText": [Function],
  "findAllByDisplayValue": [Function],
  "findAllByLabelText": [Function],
  "findAllByPlaceholderText": [Function],
  "findAllByRole": [Function],
  "findAllByTestId": [Function],
  "findAllByText": [Function],
  "findAllByTitle": [Function],
  "findByAltText": [Function],
  "findByDisplayValue": [Function],
  "findByLabelText": [Function],
  "findByPlaceholderText": [Function],
  "findByRole": [Function],
  "findByTestId": [Function],
  "findByText": [Function],
  "findByTitle": [Function],
  "getAllByAltText": [Function],
  "getAllByDisplayValue": [Function],
  "getAllByLabelText": [Function],
  "getAllByPlaceholderText": [Function],
  "getAllByRole": [Function],
  "getAllByTestId": [Function],
  "getAllByText": [Function],
  "getAllByTitle": [Function],
  "getByAltText": [Function],
  "getByDisplayValue": [Function],
  "getByLabelText": [Function],
  "getByPlaceholderText": [Function],
  "getByRole": [Function],
  "getByTestId": [Function],
  "getByText": [Function],
  "getByTitle": [Function],
  "queryAllByAltText": [Function],
  "queryAllByDisplayValue": [Function],
  "queryAllByLabelText": [Function],
  "queryAllByPlaceholderText": [Function],
  "queryAllByRole": [Function],
  "queryAllByTestId": [Function],
  "queryAllByText": [Function],
  "queryAllByTitle": [Function],
  "queryByAltText": [Function],
  "queryByDisplayValue": [Function],
  "queryByLabelText": [Function],
  "queryByPlaceholderText": [Function],
  "queryByRole": [Function],
  "queryByTestId": [Function],
  "queryByText": [Function],
  "queryByTitle": [Function],
  "rerender": [Function],
  "unmount": [Function],
}
`;
